<html>
<body>
<pre>
<h1>µVision Build Log</h1>
<h2>Tool Versions:</h2>
IDE-Version: ¦ÌVision V5.38.0.0
Copyright (C) 2022 ARM Ltd and ARM Germany GmbH. All rights reserved.
License Information: z yfg, xxx, LIC=65ISZ-JWYRA-9UT4U-SQ1YL-5BIKZ-ZIEWH
 
Tool Versions:
Toolchain:       MDK-ARM Plus  Version: 5.38.0.0
Toolchain Path:  C:\Keil_v5\ARM\ARMCC\Bin
C Compiler:      Armcc.exe V5.06 update 7 (build 960)
Assembler:       Armasm.exe V5.06 update 7 (build 960)
Linker/Locator:  ArmLink.exe V5.06 update 7 (build 960)
Library Manager: ArmAr.exe V5.06 update 7 (build 960)
Hex Converter:   FromElf.exe V5.06 update 7 (build 960)
CPU DLL:         SARMCM3.DLL V5.38.0.0
Dialog DLL:      DCM.DLL V1.17.5.0
Target DLL:      Segger\JL2CM3.dll V2.99.42.0
Dialog DLL:      TCM.DLL V1.56.4.0
 
<h2>Project:</h2>
C:\Users\RoccketSky\Desktop\DM_MC01_Code\SPIne-12M\SPIne.uvprojx
Project File Date:  04/15/2023

<h2>Output:</h2>
*** Using Compiler 'V5.06 update 7 (build 960)', folder: 'C:\Keil_v5\ARM\ARMCC\Bin'
Build target 'SPIne'
compiling Ethernet.cpp...
compiling AnalogIn.cpp...
compiling FileHandle.cpp...
compiling FileBase.cpp...
compiling BusOut.cpp...
compiling analogout_device.c...
compiling analogin_api.c...
compiling analogout_api.c...
compiling BusInOut.cpp...
compiling CallChain.cpp...
compiling BusIn.cpp...
compiling ATCmdParser.cpp...
compiling CAN.cpp...
compiling can_api.c...
compiling FilePath.cpp...
compiling gpio_irq_device.c...
compiling I2CSlave.cpp...
compiling mbed_alloc_wrappers.cpp...
compiling LocalFileSystem.cpp...
compiling FlashIAP.cpp...
compiling hal_tick_16b.c...
compiling flash_api.c...
compiling gpio_irq_api.c...
compiling hal_init_pre.c...
compiling gpio_api.c...
compiling I2C.cpp...
compiling hal_tick_32b.c...
compiling InterruptManager.cpp...
compiling mbed_mem_trace.c...
compiling i2c_api.c...
compiling mbed_mktime.c...
compiling InterruptIn.cpp...
compiling FileSystemHandle.cpp...
compiling mbed_gpio.c...
compiling mbed_flash_api.c...
compiling mbed_critical.c...
compiling mbed_rtc_time.cpp...
compiling lp_ticker.c...
compiling mbed_stats.c...
compiling mbed_interface.c...
compiling mbed_pinmap_common.c...
compiling mbed_wait_api_rtos.cpp...
compiling mbed_poll.cpp...
compiling mbed_overrides.c...
compiling mbed_board.c...
compiling mbed_assert.c...
compiling mbed_error.c...
compiling mbed_application.c...
compiling mbed_lp_ticker_api.c...
compiling mbed_retarget.cpp...
"no source": Warning:  #541-D: allowing all exceptions is incompatible with previous function "operator new(std::size_t)"  (declared at line 78 of "C:\Keil_v5\ARM\ARMCC\Bin\..\include\new")
"no source": Warning:  #541-D: allowing all exceptions is incompatible with previous function "operator new[](std::size_t)"  (declared at line 97 of "C:\Keil_v5\ARM\ARMCC\Bin\..\include\new")
"no source": Warning:  #541-D: allowing all exceptions is incompatible with previous function "operator new(std::size_t, const std::nothrow_t &)"  (declared at line 84 of "C:\Keil_v5\ARM\ARMCC\Bin\..\include\new")
"no source": Warning:  #541-D: allowing all exceptions is incompatible with previous function "operator new[](std::size_t, const std::nothrow_t &)"  (declared at line 109 of "C:\Keil_v5\ARM\ARMCC\Bin\..\include\new")
"no source": Warning:  #541-D: allowing all exceptions is incompatible with previous function "operator delete(void *)"  (declared at line 81 of "C:\Keil_v5\ARM\ARMCC\Bin\..\include\new")
"no source": Warning:  #541-D: allowing all exceptions is incompatible with previous function "operator delete[](void *)"  (declared at line 100 of "C:\Keil_v5\ARM\ARMCC\Bin\..\include\new")
mbed-dev/platform/mbed_retarget.cpp: 6 warnings, 0 errors
compiling rtc_api.c...
compiling mbed_sleep_manager.c...
compiling mbed_ticker_api.c...
compiling pinmap.c...
compiling mbed_wait_api_no_rtos.c...
compiling mbed_sdk_boot.c...
compiling mbed_semihost_api.c...
compiling pwmout_api.c...
compiling PeripheralPins.c...
compiling Serial.cpp...
assembling startup_stm32f446xx.s...
compiling mbed_us_ticker_api.c...
compiling serial_api.c...
compiling pwmout_device.c...
compiling port_api.c...
compiling RawSerial.cpp...
compiling SPISlave.cpp...
compiling stm32f4xx_hal_adc.c...
compiling stm32f4xx_hal_adc_ex.c...
compiling stm32f4xx_hal_cryp.c...
compiling stm32f4xx_hal.c...
compiling stm32f4xx_hal_cec.c...
compiling stm32f4xx_hal_cortex.c...
compiling stm32f4xx_hal_crc.c...
compiling spi_api.c...
compiling stm32f4xx_hal_can.c...
compiling stm32f4xx_hal_cryp_ex.c...
compiling sleep.c...
compiling serial_device.c...
compiling SPI.cpp...
compiling SerialBase.cpp...
compiling stm32f4xx_hal_eth.c...
compiling stm32f4xx_hal_dac_ex.c...
compiling stm32f4xx_hal_dma.c...
compiling stm32f4xx_hal_flash.c...
compiling stm32f4xx_hal_dma2d.c...
compiling stm32f4xx_hal_dsi.c...
compiling stm32f4xx_hal_dcmi.c...
compiling stm32f4xx_hal_fmpi2c_ex.c...
compiling stm32f4xx_hal_fmpi2c.c...
compiling stm32f4xx_hal_flash_ramfunc.c...
compiling stm32f4xx_hal_dfsdm.c...
compiling stm32f4xx_hal_flash_ex.c...
compiling stm32f4xx_hal_dac.c...
compiling stm32f4xx_hal_dma_ex.c...
compiling stm32f4xx_hal_dcmi_ex.c...
compiling stm32f4xx_hal_iwdg.c...
compiling stm32f4xx_hal_gpio.c...
compiling stm32f4xx_hal_ltdc_ex.c...
compiling stm32f4xx_hal_mmc.c...
compiling stm32f4xx_hal_i2c.c...
compiling stm32f4xx_hal_hash.c...
compiling stm32f4xx_hal_msp_template.c...
compiling stm32f4xx_hal_i2c_ex.c...
compiling stm32f4xx_hal_hash_ex.c...
compiling stm32f4xx_hal_lptim.c...
compiling stm32f4xx_hal_ltdc.c...
compiling stm32f4xx_hal_hcd.c...
compiling stm32f4xx_hal_i2s_ex.c...
compiling stm32f4xx_hal_i2s.c...
compiling stm32f4xx_hal_irda.c...
compiling stm32f4xx_hal_pccard.c...
compiling stm32f4xx_hal_rng.c...
compiling stm32f4xx_hal_rtc.c...
compiling stm32f4xx_hal_sai_ex.c...
compiling stm32f4xx_hal_rtc_ex.c...
compiling stm32f4xx_hal_pcd_ex.c...
compiling stm32f4xx_hal_pwr.c...
compiling stm32f4xx_hal_sai.c...
compiling stm32f4xx_hal_qspi.c...
compiling stm32f4xx_hal_nand.c...
compiling stm32f4xx_hal_pwr_ex.c...
compiling stm32f4xx_hal_nor.c...
compiling stm32f4xx_ll_adc.c...
compiling stm32f4xx_ll_crc.c...
compiling stm32f4xx_ll_dac.c...
compiling stm32f4xx_hal_pcd.c...
compiling stm32f4xx_ll_dma.c...
compiling stm32f4xx_ll_dma2d.c...
compiling stm32f4xx_ll_exti.c...
compiling stm32f4xx_hal_rcc.c...
compiling stm32f4xx_ll_gpio.c...
compiling stm32f4xx_ll_i2c.c...
compiling stm32f4xx_hal_rcc_ex.c...
compiling stm32f4xx_ll_lptim.c...
compiling stm32f4xx_ll_pwr.c...
compiling stm32f4xx_ll_rcc.c...
compiling stm32f4xx_ll_rng.c...
compiling stm32f4xx_ll_rtc.c...
compiling stm32f4xx_ll_spi.c...
compiling stm32f4xx_ll_tim.c...
compiling stm32f4xx_ll_usart.c...
compiling stm32f4xx_ll_sdmmc.c...
compiling stm32f4xx_hal_tim_ex.c...
compiling stm32f4xx_ll_fmc.c...
compiling stm32f4xx_hal_spi.c...
compiling stm32f4xx_ll_fsmc.c...
compiling stm32f4xx_hal_smartcard.c...
compiling stm32f4xx_hal_sd.c...
compiling stm32f4xx_hal_sdram.c...
compiling stm32f4xx_hal_sram.c...
compiling stm32f4xx_hal_uart.c...
compiling stm32f4xx_ll_usb.c...
compiling stm32f4xx_hal_usart.c...
compiling stm32f4xx_hal_tim.c...
compiling trng_api.c...
compiling stm32f4xx_hal_wwdg.c...
compiling stm32f4xx_hal_spdifrx.c...
compiling math_ops.cpp...
compiling system_clock.c...
compiling Timer.cpp...
compiling system_stm32f4xx.c...
compiling Ticker.cpp...
compiling stm_spi_api.c...
compiling TimerEvent.cpp...
compiling main.cpp...
leg_message.h(60): warning:  #1-D: last line of file ends without a newline
  #endif
main.cpp(620): warning:  #1-D: last line of file ends without a newline
   
main.cpp: 2 warnings, 0 errors
compiling Timeout.cpp...
compiling UARTSerial.cpp...
compiling us_ticker_16b.c...
compiling us_ticker_32b.c...
compiling Stream.cpp...
compiling stm32f4xx_ll_utils.c...
linking...
.\BUILD\SPIne.axf: Warning: L6320W: Ignoring --keep command. Cannot find argument 'os_cb_sections'.
Program Size: Code=39628 RO-data=3880 RW-data=136 ZI-data=3832  
Finished: 0 information, 1 warning and 0 error messages.
FromELF: creating hex file...
After Build - User command #1: fromelf.exe --bin --output=SPIne.bin ./BUILD/SPIne.axf
".\BUILD\SPIne.axf" - 0 Error(s), 9 Warning(s).

<h2>Software Packages used:</h2>

Package Vendor: Keil
                https://www.keil.com/pack/Keil.STM32F4xx_DFP.2.17.0.pack
                Keil.STM32F4xx_DFP.2.17.0
                STMicroelectronics STM32F4 Series Device Support, Drivers and Examples

<h2>Collection of Component include folders:</h2>
  C:/Arm/Packs/Keil/STM32F4xx_DFP/2.17.0/Drivers/CMSIS/Device/ST/STM32F4xx/Include

<h2>Collection of Component Files used:</h2>
Build Time Elapsed:  00:02:42
</pre>
</body>
</html>
